this probably; was not what you expected to > happen
